{"path": "notebooks/day-01/01_experiment_identity.ipynb", "code_cells": 3, "images": 1, "status": "passed"}
{"path": "notebooks/day-01/02_smoke_criteria_and_claims.ipynb", "code_cells": 3, "images": 1, "status": "passed"}
{"path": "notebooks/day-01/03_read_a_real_run.ipynb", "code_cells": 3, "images": 1, "status": "passed"}
{"path": "notebooks/day-01/04_checkpoint_interface.ipynb", "code_cells": 5, "images": 1, "status": "passed"}
{"path": "notebooks/day-02/01_byte_bpe_training_and_encoding.ipynb", "code_cells": 3, "images": 1, "status": "passed"}
{"path": "notebooks/day-02/02_vocabulary_and_sequence_cost.ipynb", "code_cells": 3, "images": 1, "status": "passed"}
{"path": "notebooks/day-02/03_embedding_gradient_paths.ipynb", "code_cells": 3, "images": 1, "status": "passed"}
{"path": "notebooks/day-03/01_logits_softmax_nll.ipynb", "code_cells": 13, "images": 1, "status": "passed"}
{"path": "notebooks/day-03/02_causal_shift_and_masks.ipynb", "code_cells": 8, "images": 1, "status": "passed"}
{"path": "notebooks/day-03/03_distribution_learning.ipynb", "code_cells": 10, "images": 1, "status": "passed"}
{"path": "notebooks/day-04/01_causal_attention_forward.ipynb", "code_cells": 14, "images": 1, "status": "passed"}
{"path": "notebooks/day-04/02_attention_gradients_and_failures.ipynb", "code_cells": 13, "images": 2, "status": "passed"}
{"path": "notebooks/day-04/03_kv_cache_equivalence.ipynb", "code_cells": 13, "images": 1, "status": "passed"}
{"path": "notebooks/day-05/01_embeddings_and_positions.ipynb", "code_cells": 15, "images": 5, "status": "passed"}
{"path": "notebooks/day-05/02_multi_head_attention.ipynb", "code_cells": 14, "images": 6, "status": "passed"}
{"path": "notebooks/day-05/03_residual_stream.ipynb", "code_cells": 14, "images": 4, "status": "passed"}
{"path": "notebooks/day-05/04_layernorm_and_placement.ipynb", "code_cells": 14, "images": 4, "status": "passed"}
{"path": "notebooks/day-05/05_positionwise_mlp.ipynb", "code_cells": 13, "images": 5, "status": "passed"}
{"path": "notebooks/day-05/06_assemble_decoder.ipynb", "code_cells": 14, "images": 4, "status": "passed"}
{"path": "notebooks/day-05/07_one_batch_learning.ipynb", "code_cells": 11, "images": 3, "status": "passed"}
{"path": "notebooks/day-06/01_rmsnorm_and_swiglu.ipynb", "code_cells": 15, "images": 5, "status": "passed"}
{"path": "notebooks/day-06/02_rotary_positions.ipynb", "code_cells": 14, "images": 4, "status": "passed"}
{"path": "notebooks/day-06/03_gqa_qknorm_and_costs.ipynb", "code_cells": 14, "images": 4, "status": "passed"}
{"path": "notebooks/day-07/01_recurrent_depth.ipynb", "code_cells": 14, "images": 4, "status": "passed"}
{"path": "notebooks/day-07/02_architecture_defense.ipynb", "code_cells": 16, "images": 4, "status": "passed"}
{"path": "notebooks/day-08/01_data_batches_and_token_budget.ipynb", "code_cells": 10, "images": 3, "status": "passed"}
{"path": "notebooks/day-08/02_adamw_schedule_and_stability.ipynb", "code_cells": 11, "images": 4, "status": "passed"}
{"path": "notebooks/day-08/03_validation_and_checkpoint_recovery.ipynb", "code_cells": 8, "images": 3, "status": "passed"}
{"path": "notebooks/day-09/01_read_training_clocks.ipynb", "code_cells": 5, "images": 2, "status": "passed"}
{"path": "notebooks/day-09/02_masking_and_padding_control.ipynb", "code_cells": 4, "images": 1, "status": "passed"}
{"path": "notebooks/day-09/03_story_quality_and_decoding.ipynb", "code_cells": 3, "images": 1, "status": "passed"}
{"path": "notebooks/day-10/01_metrics_and_contracts.ipynb", "code_cells": 5, "images": 2, "status": "passed"}
{"path": "notebooks/day-10/02_paired_uncertainty.ipynb", "code_cells": 5, "images": 3, "status": "passed"}
{"path": "notebooks/day-10/03_slices_and_contamination.ipynb", "code_cells": 5, "images": 2, "status": "passed"}
{"path": "notebooks/day-10/04_mathematical_grading_and_response_replay.ipynb", "code_cells": 6, "images": 4, "status": "passed"}
{"path": "notebooks/day-10/05_actual_candidates_and_answer_selection.ipynb", "code_cells": 7, "images": 5, "status": "passed"}
{"path": "notebooks/day-11/01_roles_templates_and_masks.ipynb", "code_cells": 5, "images": 2, "status": "passed"}
{"path": "notebooks/day-11/02_padding_packing_boundaries.ipynb", "code_cells": 5, "images": 2, "status": "passed"}
{"path": "notebooks/day-11/03_mixtures_and_data_cards.ipynb", "code_cells": 5, "images": 2, "status": "passed"}
{"path": "notebooks/day-11/04_teacher_attempts_and_matched_rejection_sft.ipynb", "code_cells": 8, "images": 6, "status": "passed"}
{"path": "notebooks/day-12/01_sft_objective_and_gradient_paths.ipynb", "code_cells": 5, "images": 3, "status": "passed"}
{"path": "notebooks/day-12/02_accumulation_and_checkpoint_identity.ipynb", "code_cells": 5, "images": 2, "status": "passed"}
{"path": "notebooks/day-13/01_tiny_assistant_training.ipynb", "code_cells": 5, "images": 2, "status": "passed"}
{"path": "notebooks/day-14/01_full_sft_lora_and_recipe_defense.ipynb", "code_cells": 5, "images": 2, "status": "passed"}
{"path": "notebooks/day-15/01_bradley_terry_margin.ipynb", "code_cells": 4, "images": 2, "status": "passed"}
{"path": "notebooks/day-15/02_disagreement_and_calibration.ipynb", "code_cells": 4, "images": 2, "status": "passed"}
{"path": "notebooks/day-15/03_preference_collection_and_judges.ipynb", "code_cells": 8, "images": 3, "status": "passed"}
{"path": "notebooks/day-16/01_reward_model_bias_audit.ipynb", "code_cells": 4, "images": 3, "status": "passed"}
{"path": "notebooks/day-16/03_text_reward_and_process_labels.ipynb", "code_cells": 12, "images": 8, "status": "passed"}
{"path": "notebooks/day-17/01_kl_regularized_optimum.ipynb", "code_cells": 4, "images": 1, "status": "passed"}
{"path": "notebooks/day-17/02_sequence_likelihood_and_masks.ipynb", "code_cells": 4, "images": 2, "status": "passed"}
{"path": "notebooks/day-18/01_dpo_controlled_comparison.ipynb", "code_cells": 4, "images": 2, "status": "passed"}
{"path": "notebooks/day-18/02_dpo_retention_and_preference_controls.ipynb", "code_cells": 8, "images": 5, "status": "passed"}
{"path": "notebooks/day-19/01_exact_reinforce_gradient.ipynb", "code_cells": 4, "images": 2, "status": "passed"}
{"path": "notebooks/day-20/01_baselines_and_rloo.ipynb", "code_cells": 4, "images": 2, "status": "passed"}
{"path": "notebooks/day-20/02_ppo_clipping_and_kl.ipynb", "code_cells": 4, "images": 2, "status": "passed"}
{"path": "notebooks/day-20/03_behavior_probabilities_and_support.ipynb", "code_cells": 7, "images": 4, "status": "passed"}
{"path": "notebooks/day-20/04_learned_critics_and_frozen_text_rewards.ipynb", "code_cells": 7, "images": 5, "status": "passed"}
{"path": "notebooks/day-21/01_policy_algorithm_comparison.ipynb", "code_cells": 4, "images": 1, "status": "passed"}
{"path": "notebooks/day-22/01_group_advantages.ipynb", "code_cells": 3, "images": 1, "status": "passed"}
{"path": "notebooks/day-22/02_token_ratios_kl.ipynb", "code_cells": 3, "images": 1, "status": "passed"}
{"path": "notebooks/day-22/03_objective_weighting_and_filtering.ipynb", "code_cells": 6, "images": 5, "status": "passed"}
{"path": "notebooks/day-23/01_decoder_rlvr.ipynb", "code_cells": 3, "images": 2, "status": "passed"}
{"path": "notebooks/day-23/02_verifier_contract.ipynb", "code_cells": 3, "images": 1, "status": "passed"}
{"path": "notebooks/day-23/03_reasoning_tasks_and_positive_controls.ipynb", "code_cells": 8, "images": 5, "status": "passed"}
{"path": "notebooks/day-24/01_reward_hacking.ipynb", "code_cells": 3, "images": 1, "status": "passed"}
{"path": "notebooks/day-24/02_length_entropy_diagnostics.ipynb", "code_cells": 3, "images": 1, "status": "passed"}
{"path": "notebooks/day-25/01_rollout_versions_and_budget.ipynb", "code_cells": 3, "images": 1, "status": "passed"}
{"path": "notebooks/day-25/02_ragged_kv_cache_and_exact_recovery.ipynb", "code_cells": 10, "images": 8, "status": "passed"}
{"path": "notebooks/day-26/01_temperature_distillation.ipynb", "code_cells": 3, "images": 1, "status": "passed"}
{"path": "notebooks/day-26/02_selection_and_sampling.ipynb", "code_cells": 3, "images": 1, "status": "passed"}
{"path": "notebooks/day-26/03_response_level_distillation.ipynb", "code_cells": 9, "images": 6, "status": "passed"}
{"path": "notebooks/day-26/04_critique_revision_and_acceptance.ipynb", "code_cells": 8, "images": 6, "status": "passed"}
{"path": "notebooks/day-26/05_student_prefix_and_teacher_context.ipynb", "code_cells": 9, "images": 7, "status": "passed"}
{"path": "notebooks/day-27/01_genealogy_and_frozen_panel.ipynb", "code_cells": 3, "images": 1, "status": "passed"}
{"path": "notebooks/day-28/01_defense_and_release_gate.ipynb", "code_cells": 3, "images": 1, "status": "passed"}
Verification manifest: /home/dongxi/dongxi_ai/Dongxi_LLMs/experiments/reports/2026-10-10-book-foundations-pass/run-01/final-cpu/notebooks/manifest.json

--- stderr ---
[IPKernelApp] WARNING | Kernel is running over TCP without encryption. All communication (including code and outputs) is sent in plain text and is susceptible to eavesdropping. Use IPC transport or launch with kernel manager-provisioned CurveZMQ keys to enable transport encryption.
[IPKernelApp] WARNING | Kernel is running over TCP without encryption. All communication (including code and outputs) is sent in plain text and is susceptible to eavesdropping. Use IPC transport or launch with kernel manager-provisioned CurveZMQ keys to enable transport encryption.
[IPKernelApp] WARNING | Kernel is running over TCP without encryption. All communication (including code and outputs) is sent in plain text and is susceptible to eavesdropping. Use IPC transport or launch with kernel manager-provisioned CurveZMQ keys to enable transport encryption.
[IPKernelApp] WARNING | Kernel is running over TCP without encryption. All communication (including code and outputs) is sent in plain text and is susceptible to eavesdropping. Use IPC transport or launch with kernel manager-provisioned CurveZMQ keys to enable transport encryption.
[IPKernelApp] WARNING | Kernel is running over TCP without encryption. All communication (including code and outputs) is sent in plain text and is susceptible to eavesdropping. Use IPC transport or launch with kernel manager-provisioned CurveZMQ keys to enable transport encryption.
[IPKernelApp] WARNING | Kernel is running over TCP without encryption. All communication (including code and outputs) is sent in plain text and is susceptible to eavesdropping. Use IPC transport or launch with kernel manager-provisioned CurveZMQ keys to enable transport encryption.
[IPKernelApp] WARNING | Kernel is running over TCP without encryption. All communication (including code and outputs) is sent in plain text and is susceptible to eavesdropping. Use IPC transport or launch with kernel manager-provisioned CurveZMQ keys to enable transport encryption.
[IPKernelApp] WARNING | Kernel is running over TCP without encryption. All communication (including code and outputs) is sent in plain text and is susceptible to eavesdropping. Use IPC transport or launch with kernel manager-provisioned CurveZMQ keys to enable transport encryption.
[IPKernelApp] WARNING | Kernel is running over TCP without encryption. All communication (including code and outputs) is sent in plain text and is susceptible to eavesdropping. Use IPC transport or launch with kernel manager-provisioned CurveZMQ keys to enable transport encryption.
[IPKernelApp] WARNING | Kernel is running over TCP without encryption. All communication (including code and outputs) is sent in plain text and is susceptible to eavesdropping. Use IPC transport or launch with kernel manager-provisioned CurveZMQ keys to enable transport encryption.
[IPKernelApp] WARNING | Kernel is running over TCP without encryption. All communication (including code and outputs) is sent in plain text and is susceptible to eavesdropping. Use IPC transport or launch with kernel manager-provisioned CurveZMQ keys to enable transport encryption.
[IPKernelApp] WARNING | Kernel is running over TCP without encryption. All communication (including code and outputs) is sent in plain text and is susceptible to eavesdropping. Use IPC transport or launch with kernel manager-provisioned CurveZMQ keys to enable transport encryption.
[IPKernelApp] WARNING | Kernel is running over TCP without encryption. All communication (including code and outputs) is sent in plain text and is susceptible to eavesdropping. Use IPC transport or launch with kernel manager-provisioned CurveZMQ keys to enable transport encryption.
[IPKernelApp] WARNING | Kernel is running over TCP without encryption. All communication (including code and outputs) is sent in plain text and is susceptible to eavesdropping. Use IPC transport or launch with kernel manager-provisioned CurveZMQ keys to enable transport encryption.
[IPKernelApp] WARNING | Kernel is running over TCP without encryption. All communication (including code and outputs) is sent in plain text and is susceptible to eavesdropping. Use IPC transport or launch with kernel manager-provisioned CurveZMQ keys to enable transport encryption.
[IPKernelApp] WARNING | Kernel is running over TCP without encryption. All communication (including code and outputs) is sent in plain text and is susceptible to eavesdropping. Use IPC transport or launch with kernel manager-provisioned CurveZMQ keys to enable transport encryption.
[IPKernelApp] WARNING | Kernel is running over TCP without encryption. All communication (including code and outputs) is sent in plain text and is susceptible to eavesdropping. Use IPC transport or launch with kernel manager-provisioned CurveZMQ keys to enable transport encryption.
[IPKernelApp] WARNING | Kernel is running over TCP without encryption. All communication (including code and outputs) is sent in plain text and is susceptible to eavesdropping. Use IPC transport or launch with kernel manager-provisioned CurveZMQ keys to enable transport encryption.
[IPKernelApp] WARNING | Kernel is running over TCP without encryption. All communication (including code and outputs) is sent in plain text and is susceptible to eavesdropping. Use IPC transport or launch with kernel manager-provisioned CurveZMQ keys to enable transport encryption.
[IPKernelApp] WARNING | Kernel is running over TCP without encryption. All communication (including code and outputs) is sent in plain text and is susceptible to eavesdropping. Use IPC transport or launch with kernel manager-provisioned CurveZMQ keys to enable transport encryption.
[IPKernelApp] WARNING | Kernel is running over TCP without encryption. All communication (including code and outputs) is sent in plain text and is susceptible to eavesdropping. Use IPC transport or launch with kernel manager-provisioned CurveZMQ keys to enable transport encryption.
[IPKernelApp] WARNING | Kernel is running over TCP without encryption. All communication (including code and outputs) is sent in plain text and is susceptible to eavesdropping. Use IPC transport or launch with kernel manager-provisioned CurveZMQ keys to enable transport encryption.
[IPKernelApp] WARNING | Kernel is running over TCP without encryption. All communication (including code and outputs) is sent in plain text and is susceptible to eavesdropping. Use IPC transport or launch with kernel manager-provisioned CurveZMQ keys to enable transport encryption.
[IPKernelApp] WARNING | Kernel is running over TCP without encryption. All communication (including code and outputs) is sent in plain text and is susceptible to eavesdropping. Use IPC transport or launch with kernel manager-provisioned CurveZMQ keys to enable transport encryption.
[IPKernelApp] WARNING | Kernel is running over TCP without encryption. All communication (including code and outputs) is sent in plain text and is susceptible to eavesdropping. Use IPC transport or launch with kernel manager-provisioned CurveZMQ keys to enable transport encryption.
[IPKernelApp] WARNING | Kernel is running over TCP without encryption. All communication (including code and outputs) is sent in plain text and is susceptible to eavesdropping. Use IPC transport or launch with kernel manager-provisioned CurveZMQ keys to enable transport encryption.
[IPKernelApp] WARNING | Kernel is running over TCP without encryption. All communication (including code and outputs) is sent in plain text and is susceptible to eavesdropping. Use IPC transport or launch with kernel manager-provisioned CurveZMQ keys to enable transport encryption.
[IPKernelApp] WARNING | Kernel is running over TCP without encryption. All communication (including code and outputs) is sent in plain text and is susceptible to eavesdropping. Use IPC transport or launch with kernel manager-provisioned CurveZMQ keys to enable transport encryption.
[IPKernelApp] WARNING | Kernel is running over TCP without encryption. All communication (including code and outputs) is sent in plain text and is susceptible to eavesdropping. Use IPC transport or launch with kernel manager-provisioned CurveZMQ keys to enable transport encryption.
[IPKernelApp] WARNING | Kernel is running over TCP without encryption. All communication (including code and outputs) is sent in plain text and is susceptible to eavesdropping. Use IPC transport or launch with kernel manager-provisioned CurveZMQ keys to enable transport encryption.
[IPKernelApp] WARNING | Kernel is running over TCP without encryption. All communication (including code and outputs) is sent in plain text and is susceptible to eavesdropping. Use IPC transport or launch with kernel manager-provisioned CurveZMQ keys to enable transport encryption.
[IPKernelApp] WARNING | Kernel is running over TCP without encryption. All communication (including code and outputs) is sent in plain text and is susceptible to eavesdropping. Use IPC transport or launch with kernel manager-provisioned CurveZMQ keys to enable transport encryption.
[IPKernelApp] WARNING | Kernel is running over TCP without encryption. All communication (including code and outputs) is sent in plain text and is susceptible to eavesdropping. Use IPC transport or launch with kernel manager-provisioned CurveZMQ keys to enable transport encryption.
[IPKernelApp] WARNING | Kernel is running over TCP without encryption. All communication (including code and outputs) is sent in plain text and is susceptible to eavesdropping. Use IPC transport or launch with kernel manager-provisioned CurveZMQ keys to enable transport encryption.
[IPKernelApp] WARNING | Kernel is running over TCP without encryption. All communication (including code and outputs) is sent in plain text and is susceptible to eavesdropping. Use IPC transport or launch with kernel manager-provisioned CurveZMQ keys to enable transport encryption.
[IPKernelApp] WARNING | Kernel is running over TCP without encryption. All communication (including code and outputs) is sent in plain text and is susceptible to eavesdropping. Use IPC transport or launch with kernel manager-provisioned CurveZMQ keys to enable transport encryption.
[IPKernelApp] WARNING | Kernel is running over TCP without encryption. All communication (including code and outputs) is sent in plain text and is susceptible to eavesdropping. Use IPC transport or launch with kernel manager-provisioned CurveZMQ keys to enable transport encryption.
[IPKernelApp] WARNING | Kernel is running over TCP without encryption. All communication (including code and outputs) is sent in plain text and is susceptible to eavesdropping. Use IPC transport or launch with kernel manager-provisioned CurveZMQ keys to enable transport encryption.
[IPKernelApp] WARNING | Kernel is running over TCP without encryption. All communication (including code and outputs) is sent in plain text and is susceptible to eavesdropping. Use IPC transport or launch with kernel manager-provisioned CurveZMQ keys to enable transport encryption.
[IPKernelApp] WARNING | Kernel is running over TCP without encryption. All communication (including code and outputs) is sent in plain text and is susceptible to eavesdropping. Use IPC transport or launch with kernel manager-provisioned CurveZMQ keys to enable transport encryption.
[IPKernelApp] WARNING | Kernel is running over TCP without encryption. All communication (including code and outputs) is sent in plain text and is susceptible to eavesdropping. Use IPC transport or launch with kernel manager-provisioned CurveZMQ keys to enable transport encryption.
[IPKernelApp] WARNING | Kernel is running over TCP without encryption. All communication (including code and outputs) is sent in plain text and is susceptible to eavesdropping. Use IPC transport or launch with kernel manager-provisioned CurveZMQ keys to enable transport encryption.
[IPKernelApp] WARNING | Kernel is running over TCP without encryption. All communication (including code and outputs) is sent in plain text and is susceptible to eavesdropping. Use IPC transport or launch with kernel manager-provisioned CurveZMQ keys to enable transport encryption.
[IPKernelApp] WARNING | Kernel is running over TCP without encryption. All communication (including code and outputs) is sent in plain text and is susceptible to eavesdropping. Use IPC transport or launch with kernel manager-provisioned CurveZMQ keys to enable transport encryption.
[IPKernelApp] WARNING | Kernel is running over TCP without encryption. All communication (including code and outputs) is sent in plain text and is susceptible to eavesdropping. Use IPC transport or launch with kernel manager-provisioned CurveZMQ keys to enable transport encryption.
[IPKernelApp] WARNING | Kernel is running over TCP without encryption. All communication (including code and outputs) is sent in plain text and is susceptible to eavesdropping. Use IPC transport or launch with kernel manager-provisioned CurveZMQ keys to enable transport encryption.
[IPKernelApp] WARNING | Kernel is running over TCP without encryption. All communication (including code and outputs) is sent in plain text and is susceptible to eavesdropping. Use IPC transport or launch with kernel manager-provisioned CurveZMQ keys to enable transport encryption.
[IPKernelApp] WARNING | Kernel is running over TCP without encryption. All communication (including code and outputs) is sent in plain text and is susceptible to eavesdropping. Use IPC transport or launch with kernel manager-provisioned CurveZMQ keys to enable transport encryption.
[IPKernelApp] WARNING | Kernel is running over TCP without encryption. All communication (including code and outputs) is sent in plain text and is susceptible to eavesdropping. Use IPC transport or launch with kernel manager-provisioned CurveZMQ keys to enable transport encryption.
[IPKernelApp] WARNING | Kernel is running over TCP without encryption. All communication (including code and outputs) is sent in plain text and is susceptible to eavesdropping. Use IPC transport or launch with kernel manager-provisioned CurveZMQ keys to enable transport encryption.
[IPKernelApp] WARNING | Kernel is running over TCP without encryption. All communication (including code and outputs) is sent in plain text and is susceptible to eavesdropping. Use IPC transport or launch with kernel manager-provisioned CurveZMQ keys to enable transport encryption.
[IPKernelApp] WARNING | Kernel is running over TCP without encryption. All communication (including code and outputs) is sent in plain text and is susceptible to eavesdropping. Use IPC transport or launch with kernel manager-provisioned CurveZMQ keys to enable transport encryption.
[IPKernelApp] WARNING | Kernel is running over TCP without encryption. All communication (including code and outputs) is sent in plain text and is susceptible to eavesdropping. Use IPC transport or launch with kernel manager-provisioned CurveZMQ keys to enable transport encryption.
[IPKernelApp] WARNING | Kernel is running over TCP without encryption. All communication (including code and outputs) is sent in plain text and is susceptible to eavesdropping. Use IPC transport or launch with kernel manager-provisioned CurveZMQ keys to enable transport encryption.
[IPKernelApp] WARNING | Kernel is running over TCP without encryption. All communication (including code and outputs) is sent in plain text and is susceptible to eavesdropping. Use IPC transport or launch with kernel manager-provisioned CurveZMQ keys to enable transport encryption.
[IPKernelApp] WARNING | Kernel is running over TCP without encryption. All communication (including code and outputs) is sent in plain text and is susceptible to eavesdropping. Use IPC transport or launch with kernel manager-provisioned CurveZMQ keys to enable transport encryption.
[IPKernelApp] WARNING | Kernel is running over TCP without encryption. All communication (including code and outputs) is sent in plain text and is susceptible to eavesdropping. Use IPC transport or launch with kernel manager-provisioned CurveZMQ keys to enable transport encryption.
[IPKernelApp] WARNING | Kernel is running over TCP without encryption. All communication (including code and outputs) is sent in plain text and is susceptible to eavesdropping. Use IPC transport or launch with kernel manager-provisioned CurveZMQ keys to enable transport encryption.
[IPKernelApp] WARNING | Kernel is running over TCP without encryption. All communication (including code and outputs) is sent in plain text and is susceptible to eavesdropping. Use IPC transport or launch with kernel manager-provisioned CurveZMQ keys to enable transport encryption.
[IPKernelApp] WARNING | Kernel is running over TCP without encryption. All communication (including code and outputs) is sent in plain text and is susceptible to eavesdropping. Use IPC transport or launch with kernel manager-provisioned CurveZMQ keys to enable transport encryption.
[IPKernelApp] WARNING | Kernel is running over TCP without encryption. All communication (including code and outputs) is sent in plain text and is susceptible to eavesdropping. Use IPC transport or launch with kernel manager-provisioned CurveZMQ keys to enable transport encryption.
[IPKernelApp] WARNING | Kernel is running over TCP without encryption. All communication (including code and outputs) is sent in plain text and is susceptible to eavesdropping. Use IPC transport or launch with kernel manager-provisioned CurveZMQ keys to enable transport encryption.
[IPKernelApp] WARNING | Kernel is running over TCP without encryption. All communication (including code and outputs) is sent in plain text and is susceptible to eavesdropping. Use IPC transport or launch with kernel manager-provisioned CurveZMQ keys to enable transport encryption.
[IPKernelApp] WARNING | Kernel is running over TCP without encryption. All communication (including code and outputs) is sent in plain text and is susceptible to eavesdropping. Use IPC transport or launch with kernel manager-provisioned CurveZMQ keys to enable transport encryption.
[IPKernelApp] WARNING | Kernel is running over TCP without encryption. All communication (including code and outputs) is sent in plain text and is susceptible to eavesdropping. Use IPC transport or launch with kernel manager-provisioned CurveZMQ keys to enable transport encryption.
[IPKernelApp] WARNING | Kernel is running over TCP without encryption. All communication (including code and outputs) is sent in plain text and is susceptible to eavesdropping. Use IPC transport or launch with kernel manager-provisioned CurveZMQ keys to enable transport encryption.
[IPKernelApp] WARNING | Kernel is running over TCP without encryption. All communication (including code and outputs) is sent in plain text and is susceptible to eavesdropping. Use IPC transport or launch with kernel manager-provisioned CurveZMQ keys to enable transport encryption.
[IPKernelApp] WARNING | Kernel is running over TCP without encryption. All communication (including code and outputs) is sent in plain text and is susceptible to eavesdropping. Use IPC transport or launch with kernel manager-provisioned CurveZMQ keys to enable transport encryption.
/tmp/dongxi-book-foundations.6j_z9po4/venv/lib/python3.12/site-packages/nbformat/validator.py:434: MissingIDFieldWarning: Cell is missing an id field, this will become a hard error in future nbformat versions. You may want to use `normalize()` on your notebooks before validations (available since nbformat 5.1.4). Previous versions of nbformat are fixing this issue transparently, and will stop doing so in the future.
  _validate(nbdict, ref, version, version_minor, relax_add_props)
[IPKernelApp] WARNING | Kernel is running over TCP without encryption. All communication (including code and outputs) is sent in plain text and is susceptible to eavesdropping. Use IPC transport or launch with kernel manager-provisioned CurveZMQ keys to enable transport encryption.
[IPKernelApp] WARNING | Kernel is running over TCP without encryption. All communication (including code and outputs) is sent in plain text and is susceptible to eavesdropping. Use IPC transport or launch with kernel manager-provisioned CurveZMQ keys to enable transport encryption.
[IPKernelApp] WARNING | Kernel is running over TCP without encryption. All communication (including code and outputs) is sent in plain text and is susceptible to eavesdropping. Use IPC transport or launch with kernel manager-provisioned CurveZMQ keys to enable transport encryption.
[IPKernelApp] WARNING | Kernel is running over TCP without encryption. All communication (including code and outputs) is sent in plain text and is susceptible to eavesdropping. Use IPC transport or launch with kernel manager-provisioned CurveZMQ keys to enable transport encryption.
[IPKernelApp] WARNING | Kernel is running over TCP without encryption. All communication (including code and outputs) is sent in plain text and is susceptible to eavesdropping. Use IPC transport or launch with kernel manager-provisioned CurveZMQ keys to enable transport encryption.
[IPKernelApp] WARNING | Kernel is running over TCP without encryption. All communication (including code and outputs) is sent in plain text and is susceptible to eavesdropping. Use IPC transport or launch with kernel manager-provisioned CurveZMQ keys to enable transport encryption.
[IPKernelApp] WARNING | Kernel is running over TCP without encryption. All communication (including code and outputs) is sent in plain text and is susceptible to eavesdropping. Use IPC transport or launch with kernel manager-provisioned CurveZMQ keys to enable transport encryption.
[IPKernelApp] WARNING | Kernel is running over TCP without encryption. All communication (including code and outputs) is sent in plain text and is susceptible to eavesdropping. Use IPC transport or launch with kernel manager-provisioned CurveZMQ keys to enable transport encryption.
