{
  "chapters": 15,
  "solutions": 15,
  "appendices": 4,
  "registered_notebooks": 76,
  "notebook_lanes": {
    "core": 60,
    "optional": 1,
    "extension": 15
  },
  "notebooks": 76,
  "days": [
    {
      "day": 1,
      "notebooks": [
        "notebooks/day-01/01_experiment_identity.ipynb",
        "notebooks/day-01/02_smoke_criteria_and_claims.ipynb",
        "notebooks/day-01/03_read_a_real_run.ipynb",
        "notebooks/day-01/04_checkpoint_interface.ipynb"
      ]
    },
    {
      "day": 2,
      "notebooks": [
        "notebooks/day-02/01_byte_bpe_training_and_encoding.ipynb",
        "notebooks/day-02/02_vocabulary_and_sequence_cost.ipynb",
        "notebooks/day-02/03_embedding_gradient_paths.ipynb"
      ]
    },
    {
      "day": 3,
      "notebooks": [
        "notebooks/day-03/01_logits_softmax_nll.ipynb",
        "notebooks/day-03/02_causal_shift_and_masks.ipynb",
        "notebooks/day-03/03_distribution_learning.ipynb"
      ]
    },
    {
      "day": 4,
      "notebooks": [
        "notebooks/day-04/01_causal_attention_forward.ipynb",
        "notebooks/day-04/02_attention_gradients_and_failures.ipynb",
        "notebooks/day-04/03_kv_cache_equivalence.ipynb"
      ]
    },
    {
      "day": 5,
      "notebooks": [
        "notebooks/day-05/01_embeddings_and_positions.ipynb",
        "notebooks/day-05/02_multi_head_attention.ipynb",
        "notebooks/day-05/03_residual_stream.ipynb",
        "notebooks/day-05/04_layernorm_and_placement.ipynb",
        "notebooks/day-05/05_positionwise_mlp.ipynb",
        "notebooks/day-05/06_assemble_decoder.ipynb",
        "notebooks/day-05/07_one_batch_learning.ipynb"
      ]
    },
    {
      "day": 6,
      "notebooks": [
        "notebooks/day-06/01_rmsnorm_and_swiglu.ipynb",
        "notebooks/day-06/02_rotary_positions.ipynb",
        "notebooks/day-06/03_gqa_qknorm_and_costs.ipynb"
      ]
    },
    {
      "day": 7,
      "notebooks": [
        "notebooks/day-07/01_recurrent_depth.ipynb",
        "notebooks/day-07/02_architecture_defense.ipynb"
      ]
    },
    {
      "day": 8,
      "notebooks": [
        "notebooks/day-08/01_data_batches_and_token_budget.ipynb",
        "notebooks/day-08/02_adamw_schedule_and_stability.ipynb",
        "notebooks/day-08/03_validation_and_checkpoint_recovery.ipynb"
      ]
    },
    {
      "day": 9,
      "notebooks": [
        "notebooks/day-09/01_read_training_clocks.ipynb",
        "notebooks/day-09/02_masking_and_padding_control.ipynb",
        "notebooks/day-09/03_story_quality_and_decoding.ipynb"
      ]
    },
    {
      "day": 10,
      "notebooks": [
        "notebooks/day-10/01_metrics_and_contracts.ipynb",
        "notebooks/day-10/02_paired_uncertainty.ipynb",
        "notebooks/day-10/03_slices_and_contamination.ipynb",
        "notebooks/day-10/04_mathematical_grading_and_response_replay.ipynb",
        "notebooks/day-10/05_actual_candidates_and_answer_selection.ipynb"
      ]
    },
    {
      "day": 11,
      "notebooks": [
        "notebooks/day-11/01_roles_templates_and_masks.ipynb",
        "notebooks/day-11/02_padding_packing_boundaries.ipynb",
        "notebooks/day-11/03_mixtures_and_data_cards.ipynb",
        "notebooks/day-11/04_teacher_attempts_and_matched_rejection_sft.ipynb"
      ]
    },
    {
      "day": 12,
      "notebooks": [
        "notebooks/day-12/01_sft_objective_and_gradient_paths.ipynb",
        "notebooks/day-12/02_accumulation_and_checkpoint_identity.ipynb"
      ]
    },
    {
      "day": 13,
      "notebooks": [
        "notebooks/day-13/01_tiny_assistant_training.ipynb"
      ]
    },
    {
      "day": 14,
      "notebooks": [
        "notebooks/day-14/01_full_sft_lora_and_recipe_defense.ipynb"
      ]
    },
    {
      "day": 15,
      "notebooks": [
        "notebooks/day-15/01_bradley_terry_margin.ipynb",
        "notebooks/day-15/02_disagreement_and_calibration.ipynb",
        "notebooks/day-15/03_preference_collection_and_judges.ipynb"
      ]
    },
    {
      "day": 16,
      "notebooks": [
        "notebooks/day-16/01_reward_model_bias_audit.ipynb",
        "notebooks/day-16/03_text_reward_and_process_labels.ipynb"
      ]
    },
    {
      "day": 17,
      "notebooks": [
        "notebooks/day-17/01_kl_regularized_optimum.ipynb",
        "notebooks/day-17/02_sequence_likelihood_and_masks.ipynb"
      ]
    },
    {
      "day": 18,
      "notebooks": [
        "notebooks/day-18/01_dpo_controlled_comparison.ipynb",
        "notebooks/day-18/02_dpo_retention_and_preference_controls.ipynb"
      ]
    },
    {
      "day": 19,
      "notebooks": [
        "notebooks/day-19/01_exact_reinforce_gradient.ipynb"
      ]
    },
    {
      "day": 20,
      "notebooks": [
        "notebooks/day-20/01_baselines_and_rloo.ipynb",
        "notebooks/day-20/02_ppo_clipping_and_kl.ipynb",
        "notebooks/day-20/03_behavior_probabilities_and_support.ipynb",
        "notebooks/day-20/04_learned_critics_and_frozen_text_rewards.ipynb"
      ]
    },
    {
      "day": 21,
      "notebooks": [
        "notebooks/day-21/01_policy_algorithm_comparison.ipynb"
      ]
    },
    {
      "day": 22,
      "notebooks": [
        "notebooks/day-22/01_group_advantages.ipynb",
        "notebooks/day-22/02_token_ratios_kl.ipynb",
        "notebooks/day-22/03_objective_weighting_and_filtering.ipynb"
      ]
    },
    {
      "day": 23,
      "notebooks": [
        "notebooks/day-23/01_decoder_rlvr.ipynb",
        "notebooks/day-23/02_verifier_contract.ipynb",
        "notebooks/day-23/03_reasoning_tasks_and_positive_controls.ipynb"
      ]
    },
    {
      "day": 24,
      "notebooks": [
        "notebooks/day-24/01_reward_hacking.ipynb",
        "notebooks/day-24/02_length_entropy_diagnostics.ipynb"
      ]
    },
    {
      "day": 25,
      "notebooks": [
        "notebooks/day-25/01_rollout_versions_and_budget.ipynb",
        "notebooks/day-25/02_ragged_kv_cache_and_exact_recovery.ipynb"
      ]
    },
    {
      "day": 26,
      "notebooks": [
        "notebooks/day-26/01_temperature_distillation.ipynb",
        "notebooks/day-26/02_selection_and_sampling.ipynb",
        "notebooks/day-26/03_response_level_distillation.ipynb",
        "notebooks/day-26/04_critique_revision_and_acceptance.ipynb",
        "notebooks/day-26/05_student_prefix_and_teacher_context.ipynb"
      ]
    },
    {
      "day": 27,
      "notebooks": [
        "notebooks/day-27/01_genealogy_and_frozen_panel.ipynb"
      ]
    },
    {
      "day": 28,
      "notebooks": [
        "notebooks/day-28/01_defense_and_release_gate.ipynb"
      ]
    }
  ],
  "problems": [],
  "chapter_words": {
    "01-evidence-before-optimization.md": 3318,
    "02-text-tokens-and-embeddings.md": 5923,
    "03-learning-the-next-token.md": 4722,
    "04-attention-and-the-causal-information-boundary.md": 4150,
    "05-building-a-modern-decoder.md": 10819,
    "06-pretraining-as-a-controlled-system.md": 7134,
    "07-evaluation-is-a-contract.md": 6212,
    "08-instruction-data-as-an-interface.md": 3540,
    "09-supervised-fine-tuning.md": 4189,
    "10-preferences-and-reward-models.md": 4642,
    "11-direct-preference-optimization.md": 4534,
    "12-language-generation-as-a-policy.md": 3563,
    "13-group-relative-policy-optimization.md": 5781,
    "14-when-optimization-goes-wrong.md": 5063,
    "15-distill-evaluate-and-defend.md": 5131
  }
}

--- stderr ---
